Port 5173 is in use, trying another one...

  VITE v6.4.2  ready in 951 ms

  ➜  Local:   http://localhost:5174/
  ➜  Network: use --host to expose
12:22:05 AM [vite] (client) page reload index.html
12:30:31 AM [vite] (client) page reload README.md
12:37:09 AM [vite] (client) page reload package.json
12:37:15 AM [vite] (client) page reload src/main.tsx
12:37:20 AM [vite] (client) page reload index.html
12:37:44 AM [vite] (client) page reload package.json
12:39:06 AM [vite] (client) page reload .github/workflows/ci.yml
12:40:47 AM [vite] (client) page reload package.json
12:40:54 AM [vite] (client) page reload README.md
12:41:00 AM [vite] (client) page reload design.md
12:41:52 AM [vite] (client) hmr update /src/App.tsx, /src/index.css
12:41:53 AM [vite] Internal server error: Failed to resolve import "react-router-dom" from "src/App.tsx". Does the file exist?
  Plugin: vite:import-analysis
  File: /home/haz/cardinal-frame/src/App.tsx:2:65
  1  |  import { jsxDEV } from "react/jsx-dev-runtime";
  2  |  import { BrowserRouter as Router, Routes, Route, Navigate } from "react-router-dom";
     |                                                                    ^
  3  |  import CustomHeader from "./components/CustomHeader";
  4  |  import Dashboard from "./pages/Dashboard";
      at TransformPluginContext._formatLog (file:///home/haz/cardinal-frame/node_modules/vite/dist/node/chunks/dep-Dq2t6Dq0.js:42553:41)
      at TransformPluginContext.error (file:///home/haz/cardinal-frame/node_modules/vite/dist/node/chunks/dep-Dq2t6Dq0.js:42550:16)
      at normalizeUrl (file:///home/haz/cardinal-frame/node_modules/vite/dist/node/chunks/dep-Dq2t6Dq0.js:40529:23)
      at process.processTicksAndRejections (node:internal/process/task_queues:103:5)
      at async file:///home/haz/cardinal-frame/node_modules/vite/dist/node/chunks/dep-Dq2t6Dq0.js:40648:37
      at async Promise.all (index 1)
      at async TransformPluginContext.transform (file:///home/haz/cardinal-frame/node_modules/vite/dist/node/chunks/dep-Dq2t6Dq0.js:40575:7)
      at async EnvironmentPluginContainer.transform (file:///home/haz/cardinal-frame/node_modules/vite/dist/node/chunks/dep-Dq2t6Dq0.js:42348:18)
      at async loadAndTransform (file:///home/haz/cardinal-frame/node_modules/vite/dist/node/chunks/dep-Dq2t6Dq0.js:35740:27)
      at async viteTransformMiddleware (file:///home/haz/cardinal-frame/node_modules/vite/dist/node/chunks/dep-Dq2t6Dq0.js:37264:24)
12:41:53 AM [vite] (client) Pre-transform error: Failed to resolve import "react-router-dom" from "src/components/CustomHeader.tsx". Does the file exist?
  Plugin: vite:import-analysis
  File: /home/haz/cardinal-frame/src/components/CustomHeader.tsx:2:21
  2  |  var _s = $RefreshSig$();
  3  |  import { useState } from "react";
  4  |  import { Link } from "react-router-dom";
     |                        ^
  5  |  export default function CustomHeader() {
  6  |    _s();
12:46:16 AM [vite] (client) page reload package.json
12:46:16 AM [vite] Internal server error: Cannot find module '/home/haz/cardinal-frame/node_modules/vite/dist/node/chunks/dep-CvfTChi5.js' imported from /home/haz/cardinal-frame/node_modules/vite/dist/node/chunks/dep-Dq2t6Dq0.js
      at finalizeResolution (node:internal/modules/esm/resolve:275:11)
      at moduleResolve (node:internal/modules/esm/resolve:861:10)
      at defaultResolve (node:internal/modules/esm/resolve:985:11)
      at nextResolve (node:internal/modules/esm/hooks:748:28)
      at o (file:///home/haz/cardinal-frame/node_modules/@tailwindcss/node/dist/esm-cache.loader.mjs:1:69)
      at nextResolve (node:internal/modules/esm/hooks:748:28)
      at Hooks.resolve (node:internal/modules/esm/hooks:240:30)
      at MessagePort.handleMessage (node:internal/modules/esm/worker:199:24)
      at [nodejs.internal.kHybridDispatch] (node:internal/event_target:843:20)
      at MessagePort.<anonymous> (node:internal/per_context/messageport:23:28)
12:47:12 AM [vite] (client) page reload vite.config.ts.timestamp-1779943632045-4bc99d328b6dc.mjs
12:47:12 AM [vite] Internal server error: Cannot find module '/home/haz/cardinal-frame/node_modules/vite/dist/node/chunks/dep-CvfTChi5.js' imported from /home/haz/cardinal-frame/node_modules/vite/dist/node/chunks/dep-Dq2t6Dq0.js
      at finalizeResolution (node:internal/modules/esm/resolve:275:11)
      at moduleResolve (node:internal/modules/esm/resolve:861:10)
      at defaultResolve (node:internal/modules/esm/resolve:985:11)
      at nextResolve (node:internal/modules/esm/hooks:748:28)
      at o (file:///home/haz/cardinal-frame/node_modules/@tailwindcss/node/dist/esm-cache.loader.mjs:1:69)
      at nextResolve (node:internal/modules/esm/hooks:748:28)
      at Hooks.resolve (node:internal/modules/esm/hooks:240:30)
      at MessagePort.handleMessage (node:internal/modules/esm/worker:199:24)
      at [nodejs.internal.kHybridDispatch] (node:internal/event_target:843:20)
      at MessagePort.<anonymous> (node:internal/per_context/messageport:23:28)
12:47:30 AM [vite] (client) page reload package.json
12:47:31 AM [vite] Internal server error: Cannot find module '/home/haz/cardinal-frame/node_modules/vite/dist/node/chunks/dep-CvfTChi5.js' imported from /home/haz/cardinal-frame/node_modules/vite/dist/node/chunks/dep-Dq2t6Dq0.js
      at finalizeResolution (node:internal/modules/esm/resolve:275:11)
      at moduleResolve (node:internal/modules/esm/resolve:861:10)
      at defaultResolve (node:internal/modules/esm/resolve:985:11)
      at nextResolve (node:internal/modules/esm/hooks:748:28)
      at o (file:///home/haz/cardinal-frame/node_modules/@tailwindcss/node/dist/esm-cache.loader.mjs:1:69)
      at nextResolve (node:internal/modules/esm/hooks:748:28)
      at Hooks.resolve (node:internal/modules/esm/hooks:240:30)
      at MessagePort.handleMessage (node:internal/modules/esm/worker:199:24)
      at [nodejs.internal.kHybridDispatch] (node:internal/event_target:843:20)
      at MessagePort.<anonymous> (node:internal/per_context/messageport:23:28)
12:47:46 AM [vite] vite.config.ts changed, restarting server...
failed to load config from /home/haz/cardinal-frame/vite.config.ts
12:47:46 AM [vite] Cannot find module '/home/haz/cardinal-frame/node_modules/vite/misc/true.js' imported from /home/haz/cardinal-frame/node_modules/vite/dist/node/chunks/dep-Dq2t6Dq0.js
12:47:46 AM [vite] server restart failed
12:48:22 AM [vite] vite.config.ts changed, restarting server...
12:48:22 AM [vite] server restarted.
12:48:23 AM [vite] Internal server error: Cannot find module '/home/haz/cardinal-frame/node_modules/vite/dist/node/chunks/dep-CvfTChi5.js' imported from /home/haz/cardinal-frame/node_modules/vite/dist/node/chunks/dep-Dq2t6Dq0.js
      at finalizeResolution (node:internal/modules/esm/resolve:275:11)
      at moduleResolve (node:internal/modules/esm/resolve:861:10)
      at defaultResolve (node:internal/modules/esm/resolve:985:11)
      at nextResolve (node:internal/modules/esm/hooks:748:28)
      at o (file:///home/haz/cardinal-frame/node_modules/@tailwindcss/node/dist/esm-cache.loader.mjs:1:69)
      at nextResolve (node:internal/modules/esm/hooks:748:28)
      at Hooks.resolve (node:internal/modules/esm/hooks:240:30)
      at MessagePort.handleMessage (node:internal/modules/esm/worker:199:24)
      at [nodejs.internal.kHybridDispatch] (node:internal/event_target:843:20)
      at MessagePort.<anonymous> (node:internal/per_context/messageport:23:28)
12:51:05 AM [vite] Internal server error: Cannot find module '/home/haz/cardinal-frame/node_modules/vite/dist/node/chunks/dep-CvfTChi5.js' imported from /home/haz/cardinal-frame/node_modules/vite/dist/node/chunks/dep-Dq2t6Dq0.js
      at finalizeResolution (node:internal/modules/esm/resolve:275:11)
      at moduleResolve (node:internal/modules/esm/resolve:861:10)
      at defaultResolve (node:internal/modules/esm/resolve:985:11)
      at nextResolve (node:internal/modules/esm/hooks:748:28)
      at o (file:///home/haz/cardinal-frame/node_modules/@tailwindcss/node/dist/esm-cache.loader.mjs:1:69)
      at nextResolve (node:internal/modules/esm/hooks:748:28)
      at Hooks.resolve (node:internal/modules/esm/hooks:240:30)
      at MessagePort.handleMessage (node:internal/modules/esm/worker:199:24)
      at [nodejs.internal.kHybridDispatch] (node:internal/event_target:843:20)
      at MessagePort.<anonymous> (node:internal/per_context/messageport:23:28)
12:52:03 AM [vite] Internal server error: Cannot find module '/home/haz/cardinal-frame/node_modules/vite/dist/node/chunks/dep-CvfTChi5.js' imported from /home/haz/cardinal-frame/node_modules/vite/dist/node/chunks/dep-Dq2t6Dq0.js
      at finalizeResolution (node:internal/modules/esm/resolve:275:11)
      at moduleResolve (node:internal/modules/esm/resolve:861:10)
      at defaultResolve (node:internal/modules/esm/resolve:985:11)
      at nextResolve (node:internal/modules/esm/hooks:748:28)
      at o (file:///home/haz/cardinal-frame/node_modules/@tailwindcss/node/dist/esm-cache.loader.mjs:1:69)
      at nextResolve (node:internal/modules/esm/hooks:748:28)
      at Hooks.resolve (node:internal/modules/esm/hooks:240:30)
      at MessagePort.handleMessage (node:internal/modules/esm/worker:199:24)
      at [nodejs.internal.kHybridDispatch] (node:internal/event_target:843:20)
      at MessagePort.<anonymous> (node:internal/per_context/messageport:23:28)
12:53:05 AM [vite] Internal server error: Cannot find module '/home/haz/cardinal-frame/node_modules/vite/dist/node/chunks/dep-CvfTChi5.js' imported from /home/haz/cardinal-frame/node_modules/vite/dist/node/chunks/dep-Dq2t6Dq0.js
      at finalizeResolution (node:internal/modules/esm/resolve:275:11)
      at moduleResolve (node:internal/modules/esm/resolve:861:10)
      at defaultResolve (node:internal/modules/esm/resolve:985:11)
      at nextResolve (node:internal/modules/esm/hooks:748:28)
      at o (file:///home/haz/cardinal-frame/node_modules/@tailwindcss/node/dist/esm-cache.loader.mjs:1:69)
      at nextResolve (node:internal/modules/esm/hooks:748:28)
      at Hooks.resolve (node:internal/modules/esm/hooks:240:30)
      at MessagePort.handleMessage (node:internal/modules/esm/worker:199:24)
      at [nodejs.internal.kHybridDispatch] (node:internal/event_target:843:20)
      at MessagePort.<anonymous> (node:internal/per_context/messageport:23:28)
12:53:15 AM [vite] Internal server error: Cannot find module '/home/haz/cardinal-frame/node_modules/vite/dist/node/chunks/dep-CvfTChi5.js' imported from /home/haz/cardinal-frame/node_modules/vite/dist/node/chunks/dep-Dq2t6Dq0.js
      at finalizeResolution (node:internal/modules/esm/resolve:275:11)
      at moduleResolve (node:internal/modules/esm/resolve:861:10)
      at defaultResolve (node:internal/modules/esm/resolve:985:11)
      at nextResolve (node:internal/modules/esm/hooks:748:28)
      at o (file:///home/haz/cardinal-frame/node_modules/@tailwindcss/node/dist/esm-cache.loader.mjs:1:69)
      at nextResolve (node:internal/modules/esm/hooks:748:28)
      at Hooks.resolve (node:internal/modules/esm/hooks:240:30)
      at MessagePort.handleMessage (node:internal/modules/esm/worker:199:24)
      at [nodejs.internal.kHybridDispatch] (node:internal/event_target:843:20)
      at MessagePort.<anonymous> (node:internal/per_context/messageport:23:28)
12:56:47 AM [vite] Internal server error: Cannot find module '/home/haz/cardinal-frame/node_modules/vite/dist/node/chunks/dep-CvfTChi5.js' imported from /home/haz/cardinal-frame/node_modules/vite/dist/node/chunks/dep-Dq2t6Dq0.js
      at finalizeResolution (node:internal/modules/esm/resolve:275:11)
      at moduleResolve (node:internal/modules/esm/resolve:861:10)
      at defaultResolve (node:internal/modules/esm/resolve:985:11)
      at nextResolve (node:internal/modules/esm/hooks:748:28)
      at o (file:///home/haz/cardinal-frame/node_modules/@tailwindcss/node/dist/esm-cache.loader.mjs:1:69)
      at nextResolve (node:internal/modules/esm/hooks:748:28)
      at Hooks.resolve (node:internal/modules/esm/hooks:240:30)
      at MessagePort.handleMessage (node:internal/modules/esm/worker:199:24)
      at [nodejs.internal.kHybridDispatch] (node:internal/event_target:843:20)
      at MessagePort.<anonymous> (node:internal/per_context/messageport:23:28)
12:56:48 AM [vite] Internal server error: Cannot find module '/home/haz/cardinal-frame/node_modules/vite/dist/node/chunks/dep-CvfTChi5.js' imported from /home/haz/cardinal-frame/node_modules/vite/dist/node/chunks/dep-Dq2t6Dq0.js
      at finalizeResolution (node:internal/modules/esm/resolve:275:11)
      at moduleResolve (node:internal/modules/esm/resolve:861:10)
      at defaultResolve (node:internal/modules/esm/resolve:985:11)
      at nextResolve (node:internal/modules/esm/hooks:748:28)
      at o (file:///home/haz/cardinal-frame/node_modules/@tailwindcss/node/dist/esm-cache.loader.mjs:1:69)
      at nextResolve (node:internal/modules/esm/hooks:748:28)
      at Hooks.resolve (node:internal/modules/esm/hooks:240:30)
      at MessagePort.handleMessage (node:internal/modules/esm/worker:199:24)
      at [nodejs.internal.kHybridDispatch] (node:internal/event_target:843:20)
      at MessagePort.<anonymous> (node:internal/per_context/messageport:23:28)
12:58:47 AM [vite] Internal server error: Cannot find module '/home/haz/cardinal-frame/node_modules/vite/dist/node/chunks/dep-CvfTChi5.js' imported from /home/haz/cardinal-frame/node_modules/vite/dist/node/chunks/dep-Dq2t6Dq0.js
      at finalizeResolution (node:internal/modules/esm/resolve:275:11)
      at moduleResolve (node:internal/modules/esm/resolve:861:10)
      at defaultResolve (node:internal/modules/esm/resolve:985:11)
      at nextResolve (node:internal/modules/esm/hooks:748:28)
      at o (file:///home/haz/cardinal-frame/node_modules/@tailwindcss/node/dist/esm-cache.loader.mjs:1:69)
      at nextResolve (node:internal/modules/esm/hooks:748:28)
      at Hooks.resolve (node:internal/modules/esm/hooks:240:30)
      at MessagePort.handleMessage (node:internal/modules/esm/worker:199:24)
      at [nodejs.internal.kHybridDispatch] (node:internal/event_target:843:20)
      at MessagePort.<anonymous> (node:internal/per_context/messageport:23:28)
12:58:48 AM [vite] Internal server error: Cannot find module '/home/haz/cardinal-frame/node_modules/vite/dist/node/chunks/dep-CvfTChi5.js' imported from /home/haz/cardinal-frame/node_modules/vite/dist/node/chunks/dep-Dq2t6Dq0.js
      at finalizeResolution (node:internal/modules/esm/resolve:275:11)
      at moduleResolve (node:internal/modules/esm/resolve:861:10)
      at defaultResolve (node:internal/modules/esm/resolve:985:11)
      at nextResolve (node:internal/modules/esm/hooks:748:28)
      at o (file:///home/haz/cardinal-frame/node_modules/@tailwindcss/node/dist/esm-cache.loader.mjs:1:69)
      at nextResolve (node:internal/modules/esm/hooks:748:28)
      at Hooks.resolve (node:internal/modules/esm/hooks:240:30)
      at MessagePort.handleMessage (node:internal/modules/esm/worker:199:24)
      at [nodejs.internal.kHybridDispatch] (node:internal/event_target:843:20)
      at MessagePort.<anonymous> (node:internal/per_context/messageport:23:28)
12:58:48 AM [vite] Internal server error: Cannot find module '/home/haz/cardinal-frame/node_modules/vite/dist/node/chunks/dep-CvfTChi5.js' imported from /home/haz/cardinal-frame/node_modules/vite/dist/node/chunks/dep-Dq2t6Dq0.js
      at finalizeResolution (node:internal/modules/esm/resolve:275:11)
      at moduleResolve (node:internal/modules/esm/resolve:861:10)
      at defaultResolve (node:internal/modules/esm/resolve:985:11)
      at nextResolve (node:internal/modules/esm/hooks:748:28)
      at o (file:///home/haz/cardinal-frame/node_modules/@tailwindcss/node/dist/esm-cache.loader.mjs:1:69)
      at nextResolve (node:internal/modules/esm/hooks:748:28)
      at Hooks.resolve (node:internal/modules/esm/hooks:240:30)
      at MessagePort.handleMessage (node:internal/modules/esm/worker:199:24)
      at [nodejs.internal.kHybridDispatch] (node:internal/event_target:843:20)
      at MessagePort.<anonymous> (node:internal/per_context/messageport:23:28)
12:58:48 AM [vite] Internal server error: Cannot find module '/home/haz/cardinal-frame/node_modules/vite/dist/node/chunks/dep-CvfTChi5.js' imported from /home/haz/cardinal-frame/node_modules/vite/dist/node/chunks/dep-Dq2t6Dq0.js
      at finalizeResolution (node:internal/modules/esm/resolve:275:11)
      at moduleResolve (node:internal/modules/esm/resolve:861:10)
      at defaultResolve (node:internal/modules/esm/resolve:985:11)
      at nextResolve (node:internal/modules/esm/hooks:748:28)
      at o (file:///home/haz/cardinal-frame/node_modules/@tailwindcss/node/dist/esm-cache.loader.mjs:1:69)
      at nextResolve (node:internal/modules/esm/hooks:748:28)
      at Hooks.resolve (node:internal/modules/esm/hooks:240:30)
      at MessagePort.handleMessage (node:internal/modules/esm/worker:199:24)
      at [nodejs.internal.kHybridDispatch] (node:internal/event_target:843:20)
      at MessagePort.<anonymous> (node:internal/per_context/messageport:23:28)
12:58:49 AM [vite] Internal server error: Cannot find module '/home/haz/cardinal-frame/node_modules/vite/dist/node/chunks/dep-CvfTChi5.js' imported from /home/haz/cardinal-frame/node_modules/vite/dist/node/chunks/dep-Dq2t6Dq0.js
      at finalizeResolution (node:internal/modules/esm/resolve:275:11)
      at moduleResolve (node:internal/modules/esm/resolve:861:10)
      at defaultResolve (node:internal/modules/esm/resolve:985:11)
      at nextResolve (node:internal/modules/esm/hooks:748:28)
      at o (file:///home/haz/cardinal-frame/node_modules/@tailwindcss/node/dist/esm-cache.loader.mjs:1:69)
      at nextResolve (node:internal/modules/esm/hooks:748:28)
      at Hooks.resolve (node:internal/modules/esm/hooks:240:30)
      at MessagePort.handleMessage (node:internal/modules/esm/worker:199:24)
      at [nodejs.internal.kHybridDispatch] (node:internal/event_target:843:20)
      at MessagePort.<anonymous> (node:internal/per_context/messageport:23:28)
1:00:51 AM [vite] Internal server error: Cannot find module '/home/haz/cardinal-frame/node_modules/vite/dist/node/chunks/dep-CvfTChi5.js' imported from /home/haz/cardinal-frame/node_modules/vite/dist/node/chunks/dep-Dq2t6Dq0.js
      at finalizeResolution (node:internal/modules/esm/resolve:275:11)
      at moduleResolve (node:internal/modules/esm/resolve:861:10)
      at defaultResolve (node:internal/modules/esm/resolve:985:11)
      at nextResolve (node:internal/modules/esm/hooks:748:28)
      at o (file:///home/haz/cardinal-frame/node_modules/@tailwindcss/node/dist/esm-cache.loader.mjs:1:69)
      at nextResolve (node:internal/modules/esm/hooks:748:28)
      at Hooks.resolve (node:internal/modules/esm/hooks:240:30)
      at MessagePort.handleMessage (node:internal/modules/esm/worker:199:24)
      at [nodejs.internal.kHybridDispatch] (node:internal/event_target:843:20)
      at MessagePort.<anonymous> (node:internal/per_context/messageport:23:28)
1:01:01 AM [vite] Internal server error: Cannot find module '/home/haz/cardinal-frame/node_modules/vite/dist/node/chunks/dep-CvfTChi5.js' imported from /home/haz/cardinal-frame/node_modules/vite/dist/node/chunks/dep-Dq2t6Dq0.js
      at finalizeResolution (node:internal/modules/esm/resolve:275:11)
      at moduleResolve (node:internal/modules/esm/resolve:861:10)
      at defaultResolve (node:internal/modules/esm/resolve:985:11)
      at nextResolve (node:internal/modules/esm/hooks:748:28)
      at o (file:///home/haz/cardinal-frame/node_modules/@tailwindcss/node/dist/esm-cache.loader.mjs:1:69)
      at nextResolve (node:internal/modules/esm/hooks:748:28)
      at Hooks.resolve (node:internal/modules/esm/hooks:240:30)
      at MessagePort.handleMessage (node:internal/modules/esm/worker:199:24)
      at [nodejs.internal.kHybridDispatch] (node:internal/event_target:843:20)
      at MessagePort.<anonymous> (node:internal/per_context/messageport:23:28)
1:02:41 AM [vite] Internal server error: Cannot find module '/home/haz/cardinal-frame/node_modules/vite/dist/node/chunks/dep-CvfTChi5.js' imported from /home/haz/cardinal-frame/node_modules/vite/dist/node/chunks/dep-Dq2t6Dq0.js
      at finalizeResolution (node:internal/modules/esm/resolve:275:11)
      at moduleResolve (node:internal/modules/esm/resolve:861:10)
      at defaultResolve (node:internal/modules/esm/resolve:985:11)
      at nextResolve (node:internal/modules/esm/hooks:748:28)
      at o (file:///home/haz/cardinal-frame/node_modules/@tailwindcss/node/dist/esm-cache.loader.mjs:1:69)
      at nextResolve (node:internal/modules/esm/hooks:748:28)
      at Hooks.resolve (node:internal/modules/esm/hooks:240:30)
      at MessagePort.handleMessage (node:internal/modules/esm/worker:199:24)
      at [nodejs.internal.kHybridDispatch] (node:internal/event_target:843:20)
      at MessagePort.<anonymous> (node:internal/per_context/messageport:23:28)
1:02:41 AM [vite] Internal server error: Cannot find module '/home/haz/cardinal-frame/node_modules/vite/dist/node/chunks/dep-CvfTChi5.js' imported from /home/haz/cardinal-frame/node_modules/vite/dist/node/chunks/dep-Dq2t6Dq0.js
      at finalizeResolution (node:internal/modules/esm/resolve:275:11)
      at moduleResolve (node:internal/modules/esm/resolve:861:10)
      at defaultResolve (node:internal/modules/esm/resolve:985:11)
      at nextResolve (node:internal/modules/esm/hooks:748:28)
      at o (file:///home/haz/cardinal-frame/node_modules/@tailwindcss/node/dist/esm-cache.loader.mjs:1:69)
      at nextResolve (node:internal/modules/esm/hooks:748:28)
      at Hooks.resolve (node:internal/modules/esm/hooks:240:30)
      at MessagePort.handleMessage (node:internal/modules/esm/worker:199:24)
      at [nodejs.internal.kHybridDispatch] (node:internal/event_target:843:20)
      at MessagePort.<anonymous> (node:internal/per_context/messageport:23:28)
1:02:42 AM [vite] Internal server error: Cannot find module '/home/haz/cardinal-frame/node_modules/vite/dist/node/chunks/dep-CvfTChi5.js' imported from /home/haz/cardinal-frame/node_modules/vite/dist/node/chunks/dep-Dq2t6Dq0.js
      at finalizeResolution (node:internal/modules/esm/resolve:275:11)
      at moduleResolve (node:internal/modules/esm/resolve:861:10)
      at defaultResolve (node:internal/modules/esm/resolve:985:11)
      at nextResolve (node:internal/modules/esm/hooks:748:28)
      at o (file:///home/haz/cardinal-frame/node_modules/@tailwindcss/node/dist/esm-cache.loader.mjs:1:69)
      at nextResolve (node:internal/modules/esm/hooks:748:28)
      at Hooks.resolve (node:internal/modules/esm/hooks:240:30)
      at MessagePort.handleMessage (node:internal/modules/esm/worker:199:24)
      at [nodejs.internal.kHybridDispatch] (node:internal/event_target:843:20)
      at MessagePort.<anonymous> (node:internal/per_context/messageport:23:28)
1:06:53 AM [vite] Internal server error: Cannot find module '/home/haz/cardinal-frame/node_modules/vite/dist/node/chunks/dep-CvfTChi5.js' imported from /home/haz/cardinal-frame/node_modules/vite/dist/node/chunks/dep-Dq2t6Dq0.js
      at finalizeResolution (node:internal/modules/esm/resolve:275:11)
      at moduleResolve (node:internal/modules/esm/resolve:861:10)
      at defaultResolve (node:internal/modules/esm/resolve:985:11)
      at nextResolve (node:internal/modules/esm/hooks:748:28)
      at o (file:///home/haz/cardinal-frame/node_modules/@tailwindcss/node/dist/esm-cache.loader.mjs:1:69)
      at nextResolve (node:internal/modules/esm/hooks:748:28)
      at Hooks.resolve (node:internal/modules/esm/hooks:240:30)
      at MessagePort.handleMessage (node:internal/modules/esm/worker:199:24)
      at [nodejs.internal.kHybridDispatch] (node:internal/event_target:843:20)
      at MessagePort.<anonymous> (node:internal/per_context/messageport:23:28)
1:06:53 AM [vite] Internal server error: Cannot find module '/home/haz/cardinal-frame/node_modules/vite/dist/node/chunks/dep-CvfTChi5.js' imported from /home/haz/cardinal-frame/node_modules/vite/dist/node/chunks/dep-Dq2t6Dq0.js
      at finalizeResolution (node:internal/modules/esm/resolve:275:11)
      at moduleResolve (node:internal/modules/esm/resolve:861:10)
      at defaultResolve (node:internal/modules/esm/resolve:985:11)
      at nextResolve (node:internal/modules/esm/hooks:748:28)
      at o (file:///home/haz/cardinal-frame/node_modules/@tailwindcss/node/dist/esm-cache.loader.mjs:1:69)
      at nextResolve (node:internal/modules/esm/hooks:748:28)
      at Hooks.resolve (node:internal/modules/esm/hooks:240:30)
      at MessagePort.handleMessage (node:internal/modules/esm/worker:199:24)
      at [nodejs.internal.kHybridDispatch] (node:internal/event_target:843:20)
      at MessagePort.<anonymous> (node:internal/per_context/messageport:23:28)
1:06:54 AM [vite] Internal server error: Cannot find module '/home/haz/cardinal-frame/node_modules/vite/dist/node/chunks/dep-CvfTChi5.js' imported from /home/haz/cardinal-frame/node_modules/vite/dist/node/chunks/dep-Dq2t6Dq0.js
      at finalizeResolution (node:internal/modules/esm/resolve:275:11)
      at moduleResolve (node:internal/modules/esm/resolve:861:10)
      at defaultResolve (node:internal/modules/esm/resolve:985:11)
      at nextResolve (node:internal/modules/esm/hooks:748:28)
      at o (file:///home/haz/cardinal-frame/node_modules/@tailwindcss/node/dist/esm-cache.loader.mjs:1:69)
      at nextResolve (node:internal/modules/esm/hooks:748:28)
      at Hooks.resolve (node:internal/modules/esm/hooks:240:30)
      at MessagePort.handleMessage (node:internal/modules/esm/worker:199:24)
      at [nodejs.internal.kHybridDispatch] (node:internal/event_target:843:20)
      at MessagePort.<anonymous> (node:internal/per_context/messageport:23:28)
1:12:18 AM [vite] Internal server error: Cannot find module '/home/haz/cardinal-frame/node_modules/vite/dist/node/chunks/dep-CvfTChi5.js' imported from /home/haz/cardinal-frame/node_modules/vite/dist/node/chunks/dep-Dq2t6Dq0.js
      at finalizeResolution (node:internal/modules/esm/resolve:275:11)
      at moduleResolve (node:internal/modules/esm/resolve:861:10)
      at defaultResolve (node:internal/modules/esm/resolve:985:11)
      at nextResolve (node:internal/modules/esm/hooks:748:28)
      at o (file:///home/haz/cardinal-frame/node_modules/@tailwindcss/node/dist/esm-cache.loader.mjs:1:69)
      at nextResolve (node:internal/modules/esm/hooks:748:28)
      at Hooks.resolve (node:internal/modules/esm/hooks:240:30)
      at MessagePort.handleMessage (node:internal/modules/esm/worker:199:24)
      at [nodejs.internal.kHybridDispatch] (node:internal/event_target:843:20)
      at MessagePort.<anonymous> (node:internal/per_context/messageport:23:28)
1:12:18 AM [vite] Internal server error: Cannot find module '/home/haz/cardinal-frame/node_modules/vite/dist/node/chunks/dep-CvfTChi5.js' imported from /home/haz/cardinal-frame/node_modules/vite/dist/node/chunks/dep-Dq2t6Dq0.js
      at finalizeResolution (node:internal/modules/esm/resolve:275:11)
      at moduleResolve (node:internal/modules/esm/resolve:861:10)
      at defaultResolve (node:internal/modules/esm/resolve:985:11)
      at nextResolve (node:internal/modules/esm/hooks:748:28)
      at o (file:///home/haz/cardinal-frame/node_modules/@tailwindcss/node/dist/esm-cache.loader.mjs:1:69)
      at nextResolve (node:internal/modules/esm/hooks:748:28)
      at Hooks.resolve (node:internal/modules/esm/hooks:240:30)
      at MessagePort.handleMessage (node:internal/modules/esm/worker:199:24)
      at [nodejs.internal.kHybridDispatch] (node:internal/event_target:843:20)
      at MessagePort.<anonymous> (node:internal/per_context/messageport:23:28)
1:12:19 AM [vite] Internal server error: Cannot find module '/home/haz/cardinal-frame/node_modules/vite/dist/node/chunks/dep-CvfTChi5.js' imported from /home/haz/cardinal-frame/node_modules/vite/dist/node/chunks/dep-Dq2t6Dq0.js
      at finalizeResolution (node:internal/modules/esm/resolve:275:11)
      at moduleResolve (node:internal/modules/esm/resolve:861:10)
      at defaultResolve (node:internal/modules/esm/resolve:985:11)
      at nextResolve (node:internal/modules/esm/hooks:748:28)
      at o (file:///home/haz/cardinal-frame/node_modules/@tailwindcss/node/dist/esm-cache.loader.mjs:1:69)
      at nextResolve (node:internal/modules/esm/hooks:748:28)
      at Hooks.resolve (node:internal/modules/esm/hooks:240:30)
      at MessagePort.handleMessage (node:internal/modules/esm/worker:199:24)
      at [nodejs.internal.kHybridDispatch] (node:internal/event_target:843:20)
      at MessagePort.<anonymous> (node:internal/per_context/messageport:23:28)
1:14:12 AM [vite] Internal server error: Cannot find module '/home/haz/cardinal-frame/node_modules/vite/dist/node/chunks/dep-CvfTChi5.js' imported from /home/haz/cardinal-frame/node_modules/vite/dist/node/chunks/dep-Dq2t6Dq0.js
      at finalizeResolution (node:internal/modules/esm/resolve:275:11)
      at moduleResolve (node:internal/modules/esm/resolve:861:10)
      at defaultResolve (node:internal/modules/esm/resolve:985:11)
      at nextResolve (node:internal/modules/esm/hooks:748:28)
      at o (file:///home/haz/cardinal-frame/node_modules/@tailwindcss/node/dist/esm-cache.loader.mjs:1:69)
      at nextResolve (node:internal/modules/esm/hooks:748:28)
      at Hooks.resolve (node:internal/modules/esm/hooks:240:30)
      at MessagePort.handleMessage (node:internal/modules/esm/worker:199:24)
      at [nodejs.internal.kHybridDispatch] (node:internal/event_target:843:20)
      at MessagePort.<anonymous> (node:internal/per_context/messageport:23:28)
1:17:23 AM [vite] Internal server error: Cannot find module '/home/haz/cardinal-frame/node_modules/vite/dist/node/chunks/dep-CvfTChi5.js' imported from /home/haz/cardinal-frame/node_modules/vite/dist/node/chunks/dep-Dq2t6Dq0.js
      at finalizeResolution (node:internal/modules/esm/resolve:275:11)
      at moduleResolve (node:internal/modules/esm/resolve:861:10)
      at defaultResolve (node:internal/modules/esm/resolve:985:11)
      at nextResolve (node:internal/modules/esm/hooks:748:28)
      at o (file:///home/haz/cardinal-frame/node_modules/@tailwindcss/node/dist/esm-cache.loader.mjs:1:69)
      at nextResolve (node:internal/modules/esm/hooks:748:28)
      at Hooks.resolve (node:internal/modules/esm/hooks:240:30)
      at MessagePort.handleMessage (node:internal/modules/esm/worker:199:24)
      at [nodejs.internal.kHybridDispatch] (node:internal/event_target:843:20)
      at MessagePort.<anonymous> (node:internal/per_context/messageport:23:28)
1:18:07 AM [vite] Internal server error: Cannot find module '/home/haz/cardinal-frame/node_modules/vite/dist/node/chunks/dep-CvfTChi5.js' imported from /home/haz/cardinal-frame/node_modules/vite/dist/node/chunks/dep-Dq2t6Dq0.js
      at finalizeResolution (node:internal/modules/esm/resolve:275:11)
      at moduleResolve (node:internal/modules/esm/resolve:861:10)
      at defaultResolve (node:internal/modules/esm/resolve:985:11)
      at nextResolve (node:internal/modules/esm/hooks:748:28)
      at o (file:///home/haz/cardinal-frame/node_modules/@tailwindcss/node/dist/esm-cache.loader.mjs:1:69)
      at nextResolve (node:internal/modules/esm/hooks:748:28)
      at Hooks.resolve (node:internal/modules/esm/hooks:240:30)
      at MessagePort.handleMessage (node:internal/modules/esm/worker:199:24)
      at [nodejs.internal.kHybridDispatch] (node:internal/event_target:843:20)
      at MessagePort.<anonymous> (node:internal/per_context/messageport:23:28)
1:18:08 AM [vite] Internal server error: Cannot find module '/home/haz/cardinal-frame/node_modules/vite/dist/node/chunks/dep-CvfTChi5.js' imported from /home/haz/cardinal-frame/node_modules/vite/dist/node/chunks/dep-Dq2t6Dq0.js
      at finalizeResolution (node:internal/modules/esm/resolve:275:11)
      at moduleResolve (node:internal/modules/esm/resolve:861:10)
      at defaultResolve (node:internal/modules/esm/resolve:985:11)
      at nextResolve (node:internal/modules/esm/hooks:748:28)
      at o (file:///home/haz/cardinal-frame/node_modules/@tailwindcss/node/dist/esm-cache.loader.mjs:1:69)
      at nextResolve (node:internal/modules/esm/hooks:748:28)
      at Hooks.resolve (node:internal/modules/esm/hooks:240:30)
      at MessagePort.handleMessage (node:internal/modules/esm/worker:199:24)
      at [nodejs.internal.kHybridDispatch] (node:internal/event_target:843:20)
      at MessagePort.<anonymous> (node:internal/per_context/messageport:23:28)
1:18:09 AM [vite] Internal server error: Cannot find module '/home/haz/cardinal-frame/node_modules/vite/dist/node/chunks/dep-CvfTChi5.js' imported from /home/haz/cardinal-frame/node_modules/vite/dist/node/chunks/dep-Dq2t6Dq0.js
      at finalizeResolution (node:internal/modules/esm/resolve:275:11)
      at moduleResolve (node:internal/modules/esm/resolve:861:10)
      at defaultResolve (node:internal/modules/esm/resolve:985:11)
      at nextResolve (node:internal/modules/esm/hooks:748:28)
      at o (file:///home/haz/cardinal-frame/node_modules/@tailwindcss/node/dist/esm-cache.loader.mjs:1:69)
      at nextResolve (node:internal/modules/esm/hooks:748:28)
      at Hooks.resolve (node:internal/modules/esm/hooks:240:30)
      at MessagePort.handleMessage (node:internal/modules/esm/worker:199:24)
      at [nodejs.internal.kHybridDispatch] (node:internal/event_target:843:20)
      at MessagePort.<anonymous> (node:internal/per_context/messageport:23:28)
1:18:09 AM [vite] Internal server error: Cannot find module '/home/haz/cardinal-frame/node_modules/vite/dist/node/chunks/dep-CvfTChi5.js' imported from /home/haz/cardinal-frame/node_modules/vite/dist/node/chunks/dep-Dq2t6Dq0.js
      at finalizeResolution (node:internal/modules/esm/resolve:275:11)
      at moduleResolve (node:internal/modules/esm/resolve:861:10)
      at defaultResolve (node:internal/modules/esm/resolve:985:11)
      at nextResolve (node:internal/modules/esm/hooks:748:28)
      at o (file:///home/haz/cardinal-frame/node_modules/@tailwindcss/node/dist/esm-cache.loader.mjs:1:69)
      at nextResolve (node:internal/modules/esm/hooks:748:28)
      at Hooks.resolve (node:internal/modules/esm/hooks:240:30)
      at MessagePort.handleMessage (node:internal/modules/esm/worker:199:24)
      at [nodejs.internal.kHybridDispatch] (node:internal/event_target:843:20)
      at MessagePort.<anonymous> (node:internal/per_context/messageport:23:28)
